exports[`Home Page  should match previous snapshot 1`] = `
<div>
  <div
    className="page-title">
    Hello World!
  </div>
  <Link
    onlyActiveOnIndex={false}
    style={Object {}}
    to="/config">
    Configure
  </Link>
</div>
`;
