exports[`App  should match previous snapshot 1`] = `
<div>
  Hello World!
</div>
`;
