exports[`Config Page  should match previous snapshot 1`] = `
<div>
  Config Page
</div>
`;
